============================= test session starts =============================
platform win32 -- Python 3.13.3, pytest-9.0.2, pluggy-1.6.0 -- C:\Users\Mark Lorenz\Desktop\Epoch\.venv\Scripts\python.exe
cachedir: .pytest_cache
hypothesis profile 'default'
rootdir: C:\Users\Mark Lorenz\Desktop\Epoch
plugins: anyio-4.12.1, hypothesis-6.151.9
collecting ... collected 4 items

tests/test_phase9.py::test_pregame_prediction_valid_range PASSED         [ 25%]
tests/test_phase9.py::test_prediction_logged_to_file PASSED              [ 50%]
tests/test_phase9.py::test_result_recording FAILED                       [ 75%]
tests/test_phase9.py::test_team_strength_handling_missing_data PASSED    [100%]

================================== FAILURES ===================================
____________________________ test_result_recording ____________________________

predictor = <src.intelligence.pregame_predictor.PregamePredictor object at 0x000001D36313F110>

    def test_result_recording(predictor):
        # 1. Create a prediction
        pred = predictor.predict("GSW", "LAL")
        predictor.log_prediction(pred)
        game_id = pred["game_id"]
    
        # 2. Record result
        cal = CalibrationEngine()
>       initial_count = cal.report()["games_tracked"]
                        ^^^^^^^^^^
E       AttributeError: 'CalibrationEngine' object has no attribute 'report'

tests\test_phase9.py:41: AttributeError
---------------------------- Captured stdout call -----------------------------
Prediction logged to data\predictions\2026-03-12.jsonl
=========================== short test summary info ===========================
FAILED tests/test_phase9.py::test_result_recording - AttributeError: 'Calibra...
========================= 1 failed, 3 passed in 7.86s =========================
